// Vitest Snapshot v1, https://vitest.dev/guide/snapshot.html

exports[`LayoutTabSection > matches snapshot 1`] = `
<div>
  <div
    class="px-1 md:px-3 mt-4_5 md:mt-0"
  >
    <div
      data-testid="tabs-root"
      data-value="profile"
    >
      <div
        class="hidden md:flex gap-1 py-1_5"
        data-testid="tabs-list"
      >
        <a
          href="/settings/profile"
        >
          <svg
            data-testid="mock-icon"
          />
          <span>
            Profile
          </span>
        </a>
        <a
          href="/settings/billing"
        >
          <svg
            data-testid="mock-icon"
          />
          <span>
            Billing
          </span>
        </a>
      </div>
      <div
        class="md:hidden w-full overflow-x-auto overflow-y-hidden py-1_5 scrollbar-hide"
      >
        <div
          class="flex gap-1"
          data-testid="tabs-list"
        >
          <a
            href="/settings/profile"
          >
            <svg
              data-testid="mock-icon"
            />
            <span>
              Profile
            </span>
          </a>
          <a
            href="/settings/billing"
          >
            <svg
              data-testid="mock-icon"
            />
            <span>
              Billing
            </span>
          </a>
        </div>
      </div>
      <div
        class="pt-1_5 pb-1 md:pb-3"
      >
        <div>
          Snapshot child
        </div>
      </div>
    </div>
  </div>
</div>
`;
