// Vitest Snapshot v1, https://vitest.dev/guide/snapshot.html

exports[`LayoutTabSection > matches snapshot 1`] = `
<div>
  <div>
    <div
      class="sticky top-16 md:top-0 z-[var(--z-tabs)] bg-neutral-0 px-1 md:px-3 transition-opacity duration-base"
    >
      <div
        class="hidden md:flex gap-1 pt-1_5"
      >
        <div
          aria-label="Game Changers navigation"
          class="flex items-center relative p-0_5 gap-0_25 rounded-full"
          role="tablist"
          style="background-color: var(--neutral-100);"
        >
          <div
            class="absolute rounded-full"
            style="background-color: var(--neutral-1000); height: calc(100% - 8px); top: 4px; left: 0px; width: 0px;"
          />
          <button
            aria-selected="true"
            class="flex items-center justify-center gap-0_5 font-semibold rounded-full relative z-10 transition-colors duration-200 px-1 py-0_5 text-label-md max-h-40px whitespace-nowrap [&_svg]:!text-current cursor-pointer"
            role="tab"
            style="color: var(--neutral-0); background-color: transparent;"
            type="button"
          >
            <span
              class="flex-shrink-0 w-1_25 h-1_25"
            >
              <svg
                data-testid="mock-icon"
              />
            </span>
            <span>
              Profile
            </span>
          </button>
          <button
            aria-selected="false"
            class="flex items-center justify-center gap-0_5 font-semibold rounded-full relative z-10 transition-colors duration-200 px-1 py-0_5 text-label-md max-h-40px whitespace-nowrap hover:opacity-60 cursor-pointer"
            role="tab"
            style="color: var(--neutral-600); background-color: transparent;"
            type="button"
          >
            <span
              class="flex-shrink-0 w-1_25 h-1_25"
            >
              <svg
                data-testid="mock-icon"
              />
            </span>
            <span>
              Billing
            </span>
          </button>
        </div>
      </div>
      <div
        class="md:hidden w-full overflow-x-auto overflow-y-hidden py-1 scrollbar-hide"
      >
        <div
          aria-label="Game Changers navigation"
          class="flex items-center relative p-0_5 gap-0_25 rounded-full"
          role="tablist"
          style="background-color: var(--neutral-100);"
        >
          <div
            class="absolute rounded-full"
            style="background-color: var(--neutral-1000); height: calc(100% - 8px); top: 4px; left: 0px; width: 0px;"
          />
          <button
            aria-selected="true"
            class="flex items-center justify-center gap-0_5 font-semibold rounded-full relative z-10 transition-colors duration-200 px-1 py-0_5 text-label-md max-h-40px whitespace-nowrap [&_svg]:!text-current cursor-pointer"
            role="tab"
            style="color: var(--neutral-0); background-color: transparent;"
            type="button"
          >
            <span
              class="flex-shrink-0 w-1_25 h-1_25"
            >
              <svg
                data-testid="mock-icon"
              />
            </span>
            <span>
              Profile
            </span>
          </button>
          <button
            aria-selected="false"
            class="flex items-center justify-center gap-0_5 font-semibold rounded-full relative z-10 transition-colors duration-200 px-1 py-0_5 text-label-md max-h-40px whitespace-nowrap hover:opacity-60 cursor-pointer"
            role="tab"
            style="color: var(--neutral-600); background-color: transparent;"
            type="button"
          >
            <span
              class="flex-shrink-0 w-1_25 h-1_25"
            >
              <svg
                data-testid="mock-icon"
              />
            </span>
            <span>
              Billing
            </span>
          </button>
        </div>
      </div>
    </div>
    <div
      class="px-1 md:px-3 pt-0 md:pt-1_5 pb-1 md:pb-3"
    >
      <div>
        Snapshot child
      </div>
    </div>
  </div>
</div>
`;
